「模拟日志」[2018-08-08 12:59:32.319923301 +0800 CST m=+435.755822535] 第[1]行日志
「模拟日志」[2018-08-08 12:59:32.820155422 +0800 CST m=+436.256054647] 第[2]行日志
